// Vitest Snapshot v1, https://vitest.dev/guide/snapshot.html

exports[`UrlMenu > should handle URL state transitions 1`] = `
<li
  class="MuiListItem-root MuiListItem-gutters css-meaawr-MuiListItem-root"
  data-url-id="url1"
>
  <div
    class="MuiButtonBase-root MuiListItemButton-root MuiListItemButton-gutters Mui-selected MuiListItemButton-root MuiListItemButton-gutters Mui-selected css-dgraio-MuiButtonBase-root-MuiListItemButton-root"
    role="button"
    tabindex="0"
  >
    <div
      class="MuiListItemText-root MuiListItemText-multiline css-14ln1j6-MuiListItemText-root"
    >
      <span
        class="MuiTypography-root MuiTypography-body1 MuiListItemText-primary css-lhsbas-MuiTypography-root"
      >
        URL 1
      </span>
      <p
        class="MuiTypography-root MuiTypography-body2 MuiListItemText-secondary css-1a1whku-MuiTypography-root"
      >
        https://example.com/1
      </p>
    </div>
  </div>
</li>
`;
